Analyzing likelocal...

  error - lib\core\role_guard.dart:94:24 - Undefined name 'TextStyleHelper'. Try correcting the name to one that is defined, or defining the name. - undefined_identifier
  error - lib\core\role_guard.dart:100:24 - Undefined name 'TextStyleHelper'. Try correcting the name to one that is defined, or defining the name. - undefined_identifier
  error - lib\presentation\admin_dashboard_screen\admin_dashboard_screen.dart:57:46 - The argument type 'BuildContext' can't be assigned to the parameter type 'AdminInsight'.  - argument_type_not_assignable
  error - lib\presentation\admin_dashboard_screen\admin_dashboard_screen.dart:57:55 - Too many positional arguments: 1 expected, but 2 found. Try removing the extra arguments. - extra_positional_arguments
  error - lib\presentation\admin_dashboard_screen\admin_dashboard_screen.dart:82:23 - The name 'QuerySnapshot' isn't a type, so it can't be used as a type argument. Try correcting the name to an existing type, or defining a type named 'QuerySnapshot'. - non_type_as_type_argument
  error - lib\presentation\admin_dashboard_screen\admin_dashboard_screen.dart:83:19 - Undefined name 'FirebaseFirestore'. Try correcting the name to one that is defined, or defining the name. - undefined_identifier
  error - lib\presentation\admin_dashboard_screen\admin_dashboard_screen.dart:179:11 - Undefined name 'FirebaseFirestore'. Try correcting the name to one that is defined, or defining the name. - undefined_identifier
  error - lib\presentation\admin_dashboard_screen\admin_dashboard_screen.dart:180:11 - Undefined name 'FirebaseFirestore'. Try correcting the name to one that is defined, or defining the name. - undefined_identifier
  error - lib\presentation\admin_dashboard_screen\admin_dashboard_screen.dart:184:11 - Undefined name 'FirebaseFirestore'. Try correcting the name to one that is defined, or defining the name. - undefined_identifier
  error - lib\presentation\ai_chatbot_screen\ai_chatbot_screen.dart:40:68 - The getter 'title16SemiBoldInter' isn't defined for the type 'TextStyleHelper'. Try importing the library that defines 'title16SemiBoldInter', correcting the name to the name of an existing getter, or defining a getter or field named 'title16SemiBoldInter'. - undefined_getter
  error - lib\presentation\manual_payment_screen\manual_payment_screen.dart:38:47 - The getter 'body16BoldInter' isn't defined for the type 'TextStyleHelper'. Try importing the library that defines 'body16BoldInter', correcting the name to the name of an existing getter, or defining a getter or field named 'body16BoldInter'. - undefined_getter
  error - lib\presentation\manual_payment_screen\manual_payment_screen.dart:140:13 - Undefined name 'FirebaseFirestore'. Try correcting the name to one that is defined, or defining the name. - undefined_identifier
  error - lib\presentation\manual_payment_screen\manual_payment_screen.dart:146:22 - Undefined name 'FieldValue'. Try correcting the name to one that is defined, or defining the name. - undefined_identifier
  error - lib\presentation\notification_settings_screen\notification_settings_screen.dart:43:47 - The getter 'body16BoldInter' isn't defined for the type 'TextStyleHelper'. Try importing the library that defines 'body16BoldInter', correcting the name to the name of an existing getter, or defining a getter or field named 'body16BoldInter'. - undefined_getter
  error - lib\presentation\place_details_screen\place_details_screen.dart:179:27 - Undefined name 'userProvider'. Try correcting the name to one that is defined, or defining the name. - undefined_identifier
  error - lib\presentation\place_details_screen\place_details_screen.dart:182:34 - Undefined name 'userProvider'. Try correcting the name to one that is defined, or defining the name. - undefined_identifier
  error - lib\presentation\premium_dashboard_screen\premium_dashboard_screen.dart:42:78 - The getter 'body16BoldInter' isn't defined for the type 'TextStyleHelper'. Try importing the library that defines 'body16BoldInter', correcting the name to the name of an existing getter, or defining a getter or field named 'body16BoldInter'. - undefined_getter
  error - lib\presentation\premium_dashboard_screen\premium_dashboard_screen.dart:46:75 - The getter 'body16BoldInter' isn't defined for the type 'TextStyleHelper'. Try importing the library that defines 'body16BoldInter', correcting the name to the name of an existing getter, or defining a getter or field named 'body16BoldInter'. - undefined_getter
  error - lib\presentation\super_user_dashboard_screen\super_user_dashboard_screen.dart:296:44 - Undefined name 'context'. Try correcting the name to one that is defined, or defining the name. - undefined_identifier
  error - lib\presentation\user_profile_page\user_profile_page.dart:107:75 - The getter 'superUserDashboardScreen' isn't defined for the type 'AppRoutes'. Try importing the library that defines 'superUserDashboardScreen', correcting the name to the name of an existing getter, or defining a getter or field named 'superUserDashboardScreen'. - undefined_getter
warning - lib\presentation\admin_dashboard_screen\admin_dashboard_screen.dart:264:8 - The declaration '_showBanUserDialog' isn't referenced. Try removing the declaration of '_showBanUserDialog'. - unused_element
warning - lib\presentation\admin_dashboard_screen\admin_dashboard_screen.dart:265:11 - The value of the local variable 'emailCtrl' isn't used. Try removing the variable or using it. - unused_local_variable
warning - lib\presentation\admin_dashboard_screen\admin_dashboard_screen.dart:738:10 - The declaration '_buildNeighborhoodInsights' isn't referenced. Try removing the declaration of '_buildNeighborhoodInsights'. - unused_element
warning - lib\presentation\admin_moderation_queue_screen\admin_moderation_queue_screen.dart:66:14 - The value of the local variable 'isExpanded' isn't used. Try removing the variable or using it. - unused_local_variable
warning - lib\presentation\maps_page\maps_page.dart:419:10 - The declaration '_buildDensityPulse' isn't referenced. Try removing the declaration of '_buildDensityPulse'. - unused_element
warning - lib\presentation\share_hidden_gem_screen\share_hidden_gem_initial_page.dart:578:10 - The declaration '_buildPublishButton' isn't referenced. Try removing the declaration of '_buildPublishButton'. - unused_element
warning - lib\presentation\user_profile_page\user_profile_page.dart:385:10 - The declaration '_buildBadgeGallery' isn't referenced. Try removing the declaration of '_buildBadgeGallery'. - unused_element
   info - lib\core\providers\gems_provider.dart:14:11 - The constant name 'FREE_USER_PIN_LIMIT' isn't a lowerCamelCase identifier. Try changing the name to follow the lowerCamelCase style. - constant_identifier_names
   info - lib\core\providers\gems_provider.dart:15:11 - The constant name 'PRO_USER_PIN_LIMIT' isn't a lowerCamelCase identifier. Try changing the name to follow the lowerCamelCase style. - constant_identifier_names
   info - lib\core\providers\gems_provider.dart:371:56 - The parameter name 'sum' matches a visible type name. Try adding a name for the parameter or changing the parameter name to not match an existing type. - avoid_types_as_parameter_names
   info - lib\core\providers\user_provider.dart:171:7 - Don't invoke 'print' in production code. Try using a logging framework. - avoid_print
   info - lib\core\services\background_task_service.dart:14:5 - Don't invoke 'print' in production code. Try using a logging framework. - avoid_print
   info - lib\core\services\background_task_service.dart:69:5 - Don't invoke 'print' in production code. Try using a logging framework. - avoid_print
   info - lib\core\services\background_task_service.dart:85:5 - Don't invoke 'print' in production code. Try using a logging framework. - avoid_print
   info - lib\core\services\notification_service.dart:9:3 - Don't invoke 'print' in production code. Try using a logging framework. - avoid_print
   info - lib\core\services\notification_service.dart:29:7 - Don't invoke 'print' in production code. Try using a logging framework. - avoid_print
   info - lib\core\services\notification_service.dart:47:7 - Don't invoke 'print' in production code. Try using a logging framework. - avoid_print
   info - lib\core\services\notification_service.dart:48:7 - Don't invoke 'print' in production code. Try using a logging framework. - avoid_print
   info - lib\core\utils\database_seeder.dart:21:5 - Don't invoke 'print' in production code. Try using a logging framework. - avoid_print
   info - lib\core\utils\database_seeder.dart:35:5 - Don't invoke 'print' in production code. Try using a logging framework. - avoid_print
   info - lib\core\utils\database_seeder.dart:48:5 - Don't invoke 'print' in production code. Try using a logging framework. - avoid_print
   info - lib\core\utils\database_seeder.dart:70:9 - Don't invoke 'print' in production code. Try using a logging framework. - avoid_print
   info - lib\core\utils\database_seeder.dart:79:11 - Don't invoke 'print' in production code. Try using a logging framework. - avoid_print
   info - lib\core\utils\database_seeder.dart:81:11 - Don't invoke 'print' in production code. Try using a logging framework. - avoid_print
   info - lib\core\utils\database_seeder.dart:102:37 - Don't invoke 'print' in production code. Try using a logging framework. - avoid_print
   info - lib\core\utils\database_seeder.dart:223:5 - Don't invoke 'print' in production code. Try using a logging framework. - avoid_print
   info - lib\core\utils\database_seeder.dart:230:37 - Don't invoke 'print' in production code. Try using a logging framework. - avoid_print
   info - lib\core\utils\database_seeder.dart:403:5 - Don't invoke 'print' in production code. Try using a logging framework. - avoid_print
   info - lib\core\utils\database_seeder.dart:410:37 - Don't invoke 'print' in production code. Try using a logging framework. - avoid_print
   info - lib\core\utils\database_seeder.dart:479:5 - Don't invoke 'print' in production code. Try using a logging framework. - avoid_print
   info - lib\core\utils\database_seeder.dart:512:5 - Don't invoke 'print' in production code. Try using a logging framework. - avoid_print
   info - lib\core\utils\database_seeder.dart:525:5 - Don't invoke 'print' in production code. Try using a logging framework. - avoid_print
   info - lib\core\utils\database_seeder.dart:530:5 - Don't invoke 'print' in production code. Try using a logging framework. - avoid_print
   info - lib\core\utils\database_seeder.dart:564:5 - Don't invoke 'print' in production code. Try using a logging framework. - avoid_print
   info - lib\core\utils\size_utils.dart:4:11 - The constant name 'FIGMA_DESIGN_WIDTH' isn't a lowerCamelCase identifier. Try changing the name to follow the lowerCamelCase style. - constant_identifier_names
   info - lib\core\utils\size_utils.dart:5:11 - The constant name 'FIGMA_DESIGN_HEIGHT' isn't a lowerCamelCase identifier. Try changing the name to follow the lowerCamelCase style. - constant_identifier_names
   info - lib\core\utils\size_utils.dart:6:11 - The constant name 'FIGMA_DESIGN_STATUS_BAR' isn't a lowerCamelCase identifier. Try changing the name to follow the lowerCamelCase style. - constant_identifier_names
   info - lib\presentation\admin_dashboard_screen\admin_dashboard_screen.dart:123:51 - 'withOpacity' is deprecated and shouldn't be used. Use .withValues() to avoid precision loss. Try replacing the use of the deprecated member with the replacement. - deprecated_member_use
   info - lib\presentation\admin_dashboard_screen\admin_dashboard_screen.dart:154:56 - 'withOpacity' is deprecated and shouldn't be used. Use .withValues() to avoid precision loss. Try replacing the use of the deprecated member with the replacement. - deprecated_member_use
   info - lib\presentation\admin_dashboard_screen\admin_dashboard_screen.dart:478:39 - 'withOpacity' is deprecated and shouldn't be used. Use .withValues() to avoid precision loss. Try replacing the use of the deprecated member with the replacement. - deprecated_member_use
   info - lib\presentation\admin_dashboard_screen\admin_dashboard_screen.dart:515:33 - 'withOpacity' is deprecated and shouldn't be used. Use .withValues() to avoid precision loss. Try replacing the use of the deprecated member with the replacement. - deprecated_member_use
   info - lib\presentation\admin_dashboard_screen\admin_dashboard_screen.dart:558:42 - 'withOpacity' is deprecated and shouldn't be used. Use .withValues() to avoid precision loss. Try replacing the use of the deprecated member with the replacement. - deprecated_member_use
   info - lib\presentation\admin_dashboard_screen\admin_dashboard_screen.dart:580:43 - 'withOpacity' is deprecated and shouldn't be used. Use .withValues() to avoid precision loss. Try replacing the use of the deprecated member with the replacement. - deprecated_member_use
   info - lib\presentation\admin_dashboard_screen\admin_dashboard_screen.dart:590:58 - 'withOpacity' is deprecated and shouldn't be used. Use .withValues() to avoid precision loss. Try replacing the use of the deprecated member with the replacement. - deprecated_member_use
   info - lib\presentation\admin_dashboard_screen\admin_dashboard_screen.dart:591:60 - 'withOpacity' is deprecated and shouldn't be used. Use .withValues() to avoid precision loss. Try replacing the use of the deprecated member with the replacement. - deprecated_member_use
   info - lib\presentation\admin_dashboard_screen\admin_dashboard_screen.dart:643:56 - 'withOpacity' is deprecated and shouldn't be used. Use .withValues() to avoid precision loss. Try replacing the use of the deprecated member with the replacement. - deprecated_member_use
   info - lib\presentation\admin_dashboard_screen\admin_dashboard_screen.dart:669:37 - 'withOpacity' is deprecated and shouldn't be used. Use .withValues() to avoid precision loss. Try replacing the use of the deprecated member with the replacement. - deprecated_member_use
   info - lib\presentation\admin_dashboard_screen\admin_dashboard_screen.dart:723:52 - 'withOpacity' is deprecated and shouldn't be used. Use .withValues() to avoid precision loss. Try replacing the use of the deprecated member with the replacement. - deprecated_member_use
   info - lib\presentation\admin_moderation_queue_screen\admin_moderation_queue_screen.dart:74:37 - 'withOpacity' is deprecated and shouldn't be used. Use .withValues() to avoid precision loss. Try replacing the use of the deprecated member with the replacement. - deprecated_member_use
   info - lib\presentation\admin_user_management_screen\admin_user_management_screen.dart:55:51 - 'withOpacity' is deprecated and shouldn't be used. Use .withValues() to avoid precision loss. Try replacing the use of the deprecated member with the replacement. - deprecated_member_use
   info - lib\presentation\admin_user_management_screen\admin_user_management_screen.dart:108:22 - 'withOpacity' is deprecated and shouldn't be used. Use .withValues() to avoid precision loss. Try replacing the use of the deprecated member with the replacement. - deprecated_member_use
   info - lib\presentation\admin_user_management_screen\admin_user_management_screen.dart:110:41 - 'withOpacity' is deprecated and shouldn't be used. Use .withValues() to avoid precision loss. Try replacing the use of the deprecated member with the replacement. - deprecated_member_use
   info - lib\presentation\ai_chatbot_screen\ai_chatbot_screen.dart:12:3 - Invalid use of a private type in a public API. Try making the private type public, or making the API that uses the private type also be private. - library_private_types_in_public_api
   info - lib\presentation\ai_chatbot_screen\ai_chatbot_screen.dart:33:54 - 'withOpacity' is deprecated and shouldn't be used. Use .withValues() to avoid precision loss. Try replacing the use of the deprecated member with the replacement. - deprecated_member_use
   info - lib\presentation\ai_chatbot_screen\ai_chatbot_screen.dart:99:47 - 'withOpacity' is deprecated and shouldn't be used. Use .withValues() to avoid precision loss. Try replacing the use of the deprecated member with the replacement. - deprecated_member_use
   info - lib\presentation\ai_chatbot_screen\ai_chatbot_screen.dart:183:51 - 'withOpacity' is deprecated and shouldn't be used. Use .withValues() to avoid precision loss. Try replacing the use of the deprecated member with the replacement. - deprecated_member_use
   info - lib\presentation\chat_details_screen\chat_details_screen.dart:137:49 - Don't use 'BuildContext's across async gaps. Try rewriting the code to not use the 'BuildContext', or guard the use with a 'mounted' check. - use_build_context_synchronously
   info - lib\presentation\chat_details_screen\chat_details_screen.dart:250:59 - 'withOpacity' is deprecated and shouldn't be used. Use .withValues() to avoid precision loss. Try replacing the use of the deprecated member with the replacement. - deprecated_member_use
   info - lib\presentation\chat_list_screen\chat_list_screen.dart:123:35 - 'withOpacity' is deprecated and shouldn't be used. Use .withValues() to avoid precision loss. Try replacing the use of the deprecated member with the replacement. - deprecated_member_use
   info - lib\presentation\chat_with_post_owner_page\chat_with_post_owner_page.dart:15:39 - 'withOpacity' is deprecated and shouldn't be used. Use .withValues() to avoid precision loss. Try replacing the use of the deprecated member with the replacement. - deprecated_member_use
   info - lib\presentation\manual_payment_screen\manual_payment_screen.dart:11:3 - Invalid use of a private type in a public API. Try making the private type public, or making the API that uses the private type also be private. - library_private_types_in_public_api
   info - lib\presentation\manual_payment_screen\manual_payment_screen.dart:98:53 - 'withOpacity' is deprecated and shouldn't be used. Use .withValues() to avoid precision loss. Try replacing the use of the deprecated member with the replacement. - deprecated_member_use
   info - lib\presentation\manual_payment_screen\manual_payment_screen.dart:149:28 - Don't use 'BuildContext's across async gaps. Try rewriting the code to not use the 'BuildContext', or guard the use with a 'mounted' check. - use_build_context_synchronously
   info - lib\presentation\manual_payment_screen\manual_payment_screen.dart:155:21 - Don't use 'BuildContext's across async gaps. Try rewriting the code to not use the 'BuildContext', or guard the use with a 'mounted' check. - use_build_context_synchronously
   info - lib\presentation\manual_payment_screen\manual_payment_screen.dart:157:28 - Don't use 'BuildContext's across async gaps. Try rewriting the code to not use the 'BuildContext', or guard the use with a 'mounted' check. - use_build_context_synchronously
   info - lib\presentation\map_view_page\map_view_page.dart:106:45 - 'withOpacity' is deprecated and shouldn't be used. Use .withValues() to avoid precision loss. Try replacing the use of the deprecated member with the replacement. - deprecated_member_use
   info - lib\presentation\map_view_page\map_view_page.dart:277:33 - 'withOpacity' is deprecated and shouldn't be used. Use .withValues() to avoid precision loss. Try replacing the use of the deprecated member with the replacement. - deprecated_member_use
   info - lib\presentation\maps_page\maps_page.dart:63:50 - 'withOpacity' is deprecated and shouldn't be used. Use .withValues() to avoid precision loss. Try replacing the use of the deprecated member with the replacement. - deprecated_member_use
   info - lib\presentation\maps_page\maps_page.dart:72:52 - 'withOpacity' is deprecated and shouldn't be used. Use .withValues() to avoid precision loss. Try replacing the use of the deprecated member with the replacement. - deprecated_member_use
   info - lib\presentation\maps_page\maps_page.dart:106:43 - 'setMapStyle' is deprecated and shouldn't be used. Use GoogleMap.style instead. Try replacing the use of the deprecated member with the replacement. - deprecated_member_use
   info - lib\presentation\maps_page\maps_page.dart:159:54 - 'withOpacity' is deprecated and shouldn't be used. Use .withValues() to avoid precision loss. Try replacing the use of the deprecated member with the replacement. - deprecated_member_use
   info - lib\presentation\maps_page\maps_page.dart:169:108 - 'withOpacity' is deprecated and shouldn't be used. Use .withValues() to avoid precision loss. Try replacing the use of the deprecated member with the replacement. - deprecated_member_use
   info - lib\presentation\maps_page\maps_page.dart:200:31 - 'withOpacity' is deprecated and shouldn't be used. Use .withValues() to avoid precision loss. Try replacing the use of the deprecated member with the replacement. - deprecated_member_use
   info - lib\presentation\maps_page\maps_page.dart:204:35 - 'withOpacity' is deprecated and shouldn't be used. Use .withValues() to avoid precision loss. Try replacing the use of the deprecated member with the replacement. - deprecated_member_use
   info - lib\presentation\maps_page\maps_page.dart:375:55 - 'withOpacity' is deprecated and shouldn't be used. Use .withValues() to avoid precision loss. Try replacing the use of the deprecated member with the replacement. - deprecated_member_use
   info - lib\presentation\maps_page\maps_page.dart:430:33 - 'withOpacity' is deprecated and shouldn't be used. Use .withValues() to avoid precision loss. Try replacing the use of the deprecated member with the replacement. - deprecated_member_use
   info - lib\presentation\maps_page\maps_page.dart:431:33 - 'withOpacity' is deprecated and shouldn't be used. Use .withValues() to avoid precision loss. Try replacing the use of the deprecated member with the replacement. - deprecated_member_use
   info - lib\presentation\notification_settings_screen\notification_settings_screen.dart:8:3 - Invalid use of a private type in a public API. Try making the private type public, or making the API that uses the private type also be private. - library_private_types_in_public_api
   info - lib\presentation\notification_settings_screen\notification_settings_screen.dart:106:41 - 'withOpacity' is deprecated and shouldn't be used. Use .withValues() to avoid precision loss. Try replacing the use of the deprecated member with the replacement. - deprecated_member_use
   info - lib\presentation\onboarding_screen\onboarding_screen.dart:44:43 - 'withOpacity' is deprecated and shouldn't be used. Use .withValues() to avoid precision loss. Try replacing the use of the deprecated member with the replacement. - deprecated_member_use
   info - lib\presentation\onboarding_screen\onboarding_screen.dart:45:43 - 'withOpacity' is deprecated and shouldn't be used. Use .withValues() to avoid precision loss. Try replacing the use of the deprecated member with the replacement. - deprecated_member_use
   info - lib\presentation\onboarding_screen\onboarding_screen.dart:92:132 - 'withOpacity' is deprecated and shouldn't be used. Use .withValues() to avoid precision loss. Try replacing the use of the deprecated member with the replacement. - deprecated_member_use
   info - lib\presentation\onboarding_screen\onboarding_screen.dart:109:68 - 'withOpacity' is deprecated and shouldn't be used. Use .withValues() to avoid precision loss. Try replacing the use of the deprecated member with the replacement. - deprecated_member_use
   info - lib\presentation\place_details_screen\place_details_screen.dart:41:35 - Don't use 'BuildContext's across async gaps. Try rewriting the code to not use the 'BuildContext', or guard the use with a 'mounted' check. - use_build_context_synchronously
   info - lib\presentation\place_details_screen\place_details_screen.dart:42:35 - Don't use 'BuildContext's across async gaps. Try rewriting the code to not use the 'BuildContext', or guard the use with a 'mounted' check. - use_build_context_synchronously
   info - lib\presentation\place_details_screen\place_details_screen.dart:86:45 - 'withOpacity' is deprecated and shouldn't be used. Use .withValues() to avoid precision loss. Try replacing the use of the deprecated member with the replacement. - deprecated_member_use
   info - lib\presentation\place_details_screen\place_details_screen.dart:90:49 - 'withOpacity' is deprecated and shouldn't be used. Use .withValues() to avoid precision loss. Try replacing the use of the deprecated member with the replacement. - deprecated_member_use
   info - lib\presentation\place_details_screen\place_details_screen.dart:112:49 - 'withOpacity' is deprecated and shouldn't be used. Use .withValues() to avoid precision loss. Try replacing the use of the deprecated member with the replacement. - deprecated_member_use
   info - lib\presentation\place_details_screen\place_details_screen.dart:161:75 - Don't use 'BuildContext's across async gaps. Try rewriting the code to not use the 'BuildContext', or guard the use with a 'mounted' check. - use_build_context_synchronously
   info - lib\presentation\place_details_screen\place_details_screen.dart:162:50 - Don't use 'BuildContext's across async gaps. Try rewriting the code to not use the 'BuildContext', or guard the use with a 'mounted' check. - use_build_context_synchronously
   info - lib\presentation\place_details_screen\place_details_screen.dart:170:56 - Don't use 'BuildContext's across async gaps. Try rewriting the code to not use the 'BuildContext', or guard the use with a 'mounted' check. - use_build_context_synchronously
   info - lib\presentation\place_details_screen\place_details_screen.dart:172:52 - Don't use 'BuildContext's across async gaps. Try rewriting the code to not use the 'BuildContext', or guard the use with a 'mounted' check. - use_build_context_synchronously
   info - lib\presentation\place_details_screen\place_details_screen.dart:199:50 - Don't use 'BuildContext's across async gaps. Try rewriting the code to not use the 'BuildContext', or guard the use with a 'mounted' check. - use_build_context_synchronously
   info - lib\presentation\place_details_screen\place_details_screen.dart:204:56 - Don't use 'BuildContext's across async gaps. Try rewriting the code to not use the 'BuildContext', or guard the use with a 'mounted' check. - use_build_context_synchronously
   info - lib\presentation\place_details_screen\place_details_screen.dart:206:52 - Don't use 'BuildContext's across async gaps. Try rewriting the code to not use the 'BuildContext', or guard the use with a 'mounted' check. - use_build_context_synchronously
   info - lib\presentation\place_details_screen\place_details_screen.dart:239:54 - 'withOpacity' is deprecated and shouldn't be used. Use .withValues() to avoid precision loss. Try replacing the use of the deprecated member with the replacement. - deprecated_member_use
   info - lib\presentation\place_details_screen\place_details_screen.dart:278:66 - 'withOpacity' is deprecated and shouldn't be used. Use .withValues() to avoid precision loss. Try replacing the use of the deprecated member with the replacement. - deprecated_member_use
   info - lib\presentation\place_details_screen\place_details_screen.dart:513:50 - 'withOpacity' is deprecated and shouldn't be used. Use .withValues() to avoid precision loss. Try replacing the use of the deprecated member with the replacement. - deprecated_member_use
   info - lib\presentation\place_details_screen\place_details_screen.dart:604:31 - 'withOpacity' is deprecated and shouldn't be used. Use .withValues() to avoid precision loss. Try replacing the use of the deprecated member with the replacement. - deprecated_member_use
   info - lib\presentation\place_details_screen\place_details_screen.dart:607:43 - 'withOpacity' is deprecated and shouldn't be used. Use .withValues() to avoid precision loss. Try replacing the use of the deprecated member with the replacement. - deprecated_member_use
   info - lib\presentation\place_details_screen\place_details_screen.dart:1158:40 - 'withOpacity' is deprecated and shouldn't be used. Use .withValues() to avoid precision loss. Try replacing the use of the deprecated member with the replacement. - deprecated_member_use
   info - lib\presentation\place_details_screen\place_details_screen.dart:1160:48 - 'withOpacity' is deprecated and shouldn't be used. Use .withValues() to avoid precision loss. Try replacing the use of the deprecated member with the replacement. - deprecated_member_use
   info - lib\presentation\place_details_screen\place_details_screen.dart:1221:22 - 'withOpacity' is deprecated and shouldn't be used. Use .withValues() to avoid precision loss. Try replacing the use of the deprecated member with the replacement. - deprecated_member_use
   info - lib\presentation\place_details_screen\place_details_screen.dart:1223:41 - 'withOpacity' is deprecated and shouldn't be used. Use .withValues() to avoid precision loss. Try replacing the use of the deprecated member with the replacement. - deprecated_member_use
   info - lib\presentation\place_details_screen\place_details_screen.dart:1287:29 - Don't use 'BuildContext's across async gaps. Try rewriting the code to not use the 'BuildContext', or guard the use with a 'mounted' check. - use_build_context_synchronously
   info - lib\presentation\place_details_screen\place_details_screen.dart:1288:29 - Don't use 'BuildContext's across async gaps. Try rewriting the code to not use the 'BuildContext', or guard the use with a 'mounted' check. - use_build_context_synchronously
   info - lib\presentation\place_details_screen\place_details_screen.dart:1289:36 - Don't use 'BuildContext's across async gaps. Try rewriting the code to not use the 'BuildContext', or guard the use with a 'mounted' check. - use_build_context_synchronously
   info - lib\presentation\preference_summary_screen\preference_summary_screen.dart:28:72 - 'withOpacity' is deprecated and shouldn't be used. Use .withValues() to avoid precision loss. Try replacing the use of the deprecated member with the replacement. - deprecated_member_use
   info - lib\presentation\preference_summary_screen\preference_summary_screen.dart:78:29 - 'withOpacity' is deprecated and shouldn't be used. Use .withValues() to avoid precision loss. Try replacing the use of the deprecated member with the replacement. - deprecated_member_use
   info - lib\presentation\preference_summary_screen\preference_summary_screen.dart:80:48 - 'withOpacity' is deprecated and shouldn't be used. Use .withValues() to avoid precision loss. Try replacing the use of the deprecated member with the replacement. - deprecated_member_use
   info - lib\presentation\premium_dashboard_screen\premium_dashboard_screen.dart:12:3 - Invalid use of a private type in a public API. Try making the private type public, or making the API that uses the private type also be private. - library_private_types_in_public_api
   info - lib\presentation\premium_dashboard_screen\premium_dashboard_screen.dart:251:28 - Don't use 'BuildContext's across async gaps. Try rewriting the code to not use the 'BuildContext', or guard the use with a 'mounted' check. - use_build_context_synchronously
   info - lib\presentation\pricing_page\pricing_page.dart:118:53 - 'withOpacity' is deprecated and shouldn't be used. Use .withValues() to avoid precision loss. Try replacing the use of the deprecated member with the replacement. - deprecated_member_use
   info - lib\presentation\pricing_page\pricing_page.dart:189:33 - 'withOpacity' is deprecated and shouldn't be used. Use .withValues() to avoid precision loss. Try replacing the use of the deprecated member with the replacement. - deprecated_member_use
   info - lib\presentation\pricing_page\pricing_page.dart:227:47 - 'withOpacity' is deprecated and shouldn't be used. Use .withValues() to avoid precision loss. Try replacing the use of the deprecated member with the replacement. - deprecated_member_use
   info - lib\presentation\pricing_page\pricing_page.dart:239:51 - 'withOpacity' is deprecated and shouldn't be used. Use .withValues() to avoid precision loss. Try replacing the use of the deprecated member with the replacement. - deprecated_member_use
   info - lib\presentation\share_hidden_gem_screen\provider\share_hidden_gem_provider.dart:199:28 - Don't use 'BuildContext's across async gaps. Try rewriting the code to not use the 'BuildContext', or guard the use with a 'mounted' check. - use_build_context_synchronously
   info - lib\presentation\share_hidden_gem_screen\provider\share_hidden_gem_provider.dart:205:21 - Don't use 'BuildContext's across async gaps. Try rewriting the code to not use the 'BuildContext', or guard the use with a 'mounted' check. - use_build_context_synchronously
   info - lib\presentation\share_hidden_gem_screen\provider\share_hidden_gem_provider.dart:207:28 - Don't use 'BuildContext's across async gaps. Try rewriting the code to not use the 'BuildContext', or guard the use with a 'mounted' check. - use_build_context_synchronously
   info - lib\presentation\share_hidden_gem_screen\share_hidden_gem_initial_page.dart:42:45 - 'withOpacity' is deprecated and shouldn't be used. Use .withValues() to avoid precision loss. Try replacing the use of the deprecated member with the replacement. - deprecated_member_use
   info - lib\presentation\share_hidden_gem_screen\share_hidden_gem_initial_page.dart:137:37 - 'withOpacity' is deprecated and shouldn't be used. Use .withValues() to avoid precision loss. Try replacing the use of the deprecated member with the replacement. - deprecated_member_use
   info - lib\presentation\share_hidden_gem_screen\share_hidden_gem_initial_page.dart:186:27 - 'withOpacity' is deprecated and shouldn't be used. Use .withValues() to avoid precision loss. Try replacing the use of the deprecated member with the replacement. - deprecated_member_use
   info - lib\presentation\share_hidden_gem_screen\share_hidden_gem_initial_page.dart:396:37 - 'withOpacity' is deprecated and shouldn't be used. Use .withValues() to avoid precision loss. Try replacing the use of the deprecated member with the replacement. - deprecated_member_use
   info - lib\presentation\sign_in_page\sign_in_page.dart:128:28 - Don't use 'BuildContext's across async gaps. Try rewriting the code to not use the 'BuildContext', or guard the use with a 'mounted' check. - use_build_context_synchronously
   info - lib\presentation\sign_in_page\sign_in_page.dart:132:28 - Don't use 'BuildContext's across async gaps. Try rewriting the code to not use the 'BuildContext', or guard the use with a 'mounted' check. - use_build_context_synchronously
   info - lib\presentation\sign_up_page\sign_up_page.dart:72:40 - Don't use 'BuildContext's across async gaps. Try rewriting the code to not use the 'BuildContext', or guard the use with a 'mounted' check. - use_build_context_synchronously
   info - lib\presentation\sign_up_page\sign_up_page.dart:74:30 - Don't use 'BuildContext's across async gaps. Try rewriting the code to not use the 'BuildContext', or guard the use with a 'mounted' check. - use_build_context_synchronously
   info - lib\presentation\super_user_dashboard_screen\super_user_dashboard_screen.dart:157:48 - 'withOpacity' is deprecated and shouldn't be used. Use .withValues() to avoid precision loss. Try replacing the use of the deprecated member with the replacement. - deprecated_member_use
   info - lib\presentation\super_user_dashboard_screen\super_user_dashboard_screen.dart:192:43 - 'withOpacity' is deprecated and shouldn't be used. Use .withValues() to avoid precision loss. Try replacing the use of the deprecated member with the replacement. - deprecated_member_use
   info - lib\presentation\super_user_dashboard_screen\super_user_dashboard_screen.dart:206:68 - 'withOpacity' is deprecated and shouldn't be used. Use .withValues() to avoid precision loss. Try replacing the use of the deprecated member with the replacement. - deprecated_member_use
   info - lib\presentation\super_user_dashboard_screen\super_user_dashboard_screen.dart:408:54 - 'withOpacity' is deprecated and shouldn't be used. Use .withValues() to avoid precision loss. Try replacing the use of the deprecated member with the replacement. - deprecated_member_use
   info - lib\presentation\super_user_dashboard_screen\super_user_dashboard_screen.dart:469:77 - 'withOpacity' is deprecated and shouldn't be used. Use .withValues() to avoid precision loss. Try replacing the use of the deprecated member with the replacement. - deprecated_member_use
   info - lib\presentation\super_user_dashboard_screen\super_user_dashboard_screen.dart:470:58 - 'withOpacity' is deprecated and shouldn't be used. Use .withValues() to avoid precision loss. Try replacing the use of the deprecated member with the replacement. - deprecated_member_use
   info - lib\presentation\super_user_dashboard_screen\super_user_dashboard_screen.dart:483:54 - 'withOpacity' is deprecated and shouldn't be used. Use .withValues() to avoid precision loss. Try replacing the use of the deprecated member with the replacement. - deprecated_member_use
   info - lib\presentation\super_user_dashboard_screen\super_user_dashboard_screen.dart:588:54 - 'withOpacity' is deprecated and shouldn't be used. Use .withValues() to avoid precision loss. Try replacing the use of the deprecated member with the replacement. - deprecated_member_use
   info - lib\presentation\super_user_dashboard_screen\super_user_dashboard_screen.dart:650:29 - 'withOpacity' is deprecated and shouldn't be used. Use .withValues() to avoid precision loss. Try replacing the use of the deprecated member with the replacement. - deprecated_member_use
   info - lib\presentation\super_user_dashboard_screen\super_user_dashboard_screen.dart:651:29 - 'withOpacity' is deprecated and shouldn't be used. Use .withValues() to avoid precision loss. Try replacing the use of the deprecated member with the replacement. - deprecated_member_use
   info - lib\presentation\user_profile_page\user_profile_page.dart:41:29 - Don't use 'BuildContext's across async gaps. Try rewriting the code to not use the 'BuildContext', or guard the use with a 'mounted' check. - use_build_context_synchronously
   info - lib\presentation\user_profile_page\user_profile_page.dart:227:39 - 'withOpacity' is deprecated and shouldn't be used. Use .withValues() to avoid precision loss. Try replacing the use of the deprecated member with the replacement. - deprecated_member_use
   info - lib\presentation\user_profile_page\user_profile_page.dart:229:58 - 'withOpacity' is deprecated and shouldn't be used. Use .withValues() to avoid precision loss. Try replacing the use of the deprecated member with the replacement. - deprecated_member_use
   info - lib\presentation\user_profile_page\user_profile_page.dart:248:46 - 'withOpacity' is deprecated and shouldn't be used. Use .withValues() to avoid precision loss. Try replacing the use of the deprecated member with the replacement. - deprecated_member_use
   info - lib\presentation\user_profile_page\user_profile_page.dart:272:48 - 'withOpacity' is deprecated and shouldn't be used. Use .withValues() to avoid precision loss. Try replacing the use of the deprecated member with the replacement. - deprecated_member_use
   info - lib\presentation\user_profile_page\user_profile_page.dart:287:129 - 'withOpacity' is deprecated and shouldn't be used. Use .withValues() to avoid precision loss. Try replacing the use of the deprecated member with the replacement. - deprecated_member_use
   info - lib\presentation\user_profile_page\user_profile_page.dart:330:90 - 'withOpacity' is deprecated and shouldn't be used. Use .withValues() to avoid precision loss. Try replacing the use of the deprecated member with the replacement. - deprecated_member_use
   info - lib\presentation\user_profile_page\user_profile_page.dart:360:41 - 'withOpacity' is deprecated and shouldn't be used. Use .withValues() to avoid precision loss. Try replacing the use of the deprecated member with the replacement. - deprecated_member_use
   info - lib\presentation\user_profile_page\user_profile_page.dart:361:44 - 'withOpacity' is deprecated and shouldn't be used. Use .withValues() to avoid precision loss. Try replacing the use of the deprecated member with the replacement. - deprecated_member_use
   info - lib\presentation\user_profile_page\user_profile_page.dart:492:46 - 'withOpacity' is deprecated and shouldn't be used. Use .withValues() to avoid precision loss. Try replacing the use of the deprecated member with the replacement. - deprecated_member_use
   info - lib\presentation\user_profile_page\user_profile_page.dart:531:21 - Don't use 'BuildContext's across async gaps. Try rewriting the code to not use the 'BuildContext', or guard the use with a 'mounted' check. - use_build_context_synchronously
   info - lib\presentation\user_profile_page\user_profile_page.dart:562:38 - Don't use 'BuildContext's across async gaps. Try rewriting the code to not use the 'BuildContext', or guard the use with a 'mounted' check. - use_build_context_synchronously
   info - lib\presentation\user_profile_page\user_profile_page.dart:706:57 - 'withOpacity' is deprecated and shouldn't be used. Use .withValues() to avoid precision loss. Try replacing the use of the deprecated member with the replacement. - deprecated_member_use
   info - lib\presentation\user_profile_page\user_profile_page.dart:749:26 - 'withOpacity' is deprecated and shouldn't be used. Use .withValues() to avoid precision loss. Try replacing the use of the deprecated member with the replacement. - deprecated_member_use
   info - lib\presentation\user_profile_page\user_profile_page.dart:751:45 - 'withOpacity' is deprecated and shouldn't be used. Use .withValues() to avoid precision loss. Try replacing the use of the deprecated member with the replacement. - deprecated_member_use
   info - lib\presentation\vibe_picker_screen\vibe_picker_screen.dart:31:18 - Don't use 'BuildContext's across async gaps. Try rewriting the code to not use the 'BuildContext', or guard the use with a 'mounted' check. - use_build_context_synchronously
   info - lib\presentation\vibe_picker_screen\vibe_picker_screen.dart:122:48 - 'withOpacity' is deprecated and shouldn't be used. Use .withValues() to avoid precision loss. Try replacing the use of the deprecated member with the replacement. - deprecated_member_use
   info - lib\presentation\vibe_picker_screen\vibe_picker_screen.dart:134:60 - 'withOpacity' is deprecated and shouldn't be used. Use .withValues() to avoid precision loss. Try replacing the use of the deprecated member with the replacement. - deprecated_member_use
   info - lib\presentation\vibe_picker_screen\vibe_picker_screen.dart:182:52 - 'withOpacity' is deprecated and shouldn't be used. Use .withValues() to avoid precision loss. Try replacing the use of the deprecated member with the replacement. - deprecated_member_use
   info - lib\presentation\vibe_picker_screen\vibe_picker_screen.dart:239:48 - 'withOpacity' is deprecated and shouldn't be used. Use .withValues() to avoid precision loss. Try replacing the use of the deprecated member with the replacement. - deprecated_member_use
   info - lib\theme\text_style_helper.dart:56:40 - 'withOpacity' is deprecated and shouldn't be used. Use .withValues() to avoid precision loss. Try replacing the use of the deprecated member with the replacement. - deprecated_member_use
   info - lib\theme\text_style_helper.dart:77:40 - 'withOpacity' is deprecated and shouldn't be used. Use .withValues() to avoid precision loss. Try replacing the use of the deprecated member with the replacement. - deprecated_member_use
   info - lib\theme\text_style_helper.dart:107:40 - 'withOpacity' is deprecated and shouldn't be used. Use .withValues() to avoid precision loss. Try replacing the use of the deprecated member with the replacement. - deprecated_member_use
   info - lib\theme\text_style_helper.dart:121:40 - 'withOpacity' is deprecated and shouldn't be used. Use .withValues() to avoid precision loss. Try replacing the use of the deprecated member with the replacement. - deprecated_member_use
   info - lib\theme\text_style_helper.dart:135:40 - 'withOpacity' is deprecated and shouldn't be used. Use .withValues() to avoid precision loss. Try replacing the use of the deprecated member with the replacement. - deprecated_member_use
   info - lib\theme\text_style_helper.dart:156:40 - 'withOpacity' is deprecated and shouldn't be used. Use .withValues() to avoid precision loss. Try replacing the use of the deprecated member with the replacement. - deprecated_member_use
   info - lib\theme\text_style_helper.dart:173:40 - 'withOpacity' is deprecated and shouldn't be used. Use .withValues() to avoid precision loss. Try replacing the use of the deprecated member with the replacement. - deprecated_member_use
   info - lib\theme\theme_helper.dart:92:13 - The variable name 'white_A700' isn't a lowerCamelCase identifier. Try changing the name to follow the lowerCamelCase style. - non_constant_identifier_names
   info - lib\widgets\offline_banner.dart:65:107 - 'withOpacity' is deprecated and shouldn't be used. Use .withValues() to avoid precision loss. Try replacing the use of the deprecated member with the replacement. - deprecated_member_use
   info - lib\widgets\premium_upgrade_sheet.dart:40:44 - 'withOpacity' is deprecated and shouldn't be used. Use .withValues() to avoid precision loss. Try replacing the use of the deprecated member with the replacement. - deprecated_member_use

187 issues found.
